<html>
<style>
body
{
background: #000;
color: #C0C0C0;
font-weight: bold;
font-size: 14px;
font-family: Lucida Console;
height: 99%;
margin: 0 0 0 5px;
}
::-webkit-scrollbar {
width:0px;
height:0px;
}
</style>
<title>系统启动中...</title>
<meta http-equiv="Content-Type" content="text/html; charset=UTF-8" />
<script  src="http://pv.sohu.com/cityjson"></script> 
<script language="javascript">
var myDate = new Date();
function go_launcher(){//定义函数
    window.location="launcher.html";//页面跳转
}

    text = new Array(
    "System startup</br>Uncompress Ok!",
    "U-Boot 2016.11 (Jul 12 2018 - 19:19:41 +0800)hi3559av100</br></br></br>Relocation Offset is: 176ef000",
    "Relocating to 5feef000, new gd at 5fe4ee00, sp at 5fe4edf0",
    "SPI Nor:  Boot Media isn't SPI Nor</br>NAND:  Check Flash Memory Controller v100 ... Found</br>SPI Nand ID Table Version 2.7",
    "SPI Nand(cs 0) ID: 0xc8 0xc2 Name:5F2GQ4RB9IGR</br>",
    "Block:128KB Page:2KB OOB:128B ECC:24bit/1K </br>Chipsize:256 MiB",
    "MMC:   </br>In:    serial</br>Out:   serial</br>Err:   serial</br>Net:   gmac0, gmac1",
    "Error: gmac1 address not set.</br></br>",
    "Hit any key to stop autoboot:  0 </br></br>",
    "NAND read: device 0 offset 0x100000, size 0x900000</br>9437184 bytes read: OK",
    "Load fip from 0x000000004a000000 ...</br>Firmware Image Package ToC:",
    "---------------------------",
    "- EL3 Runtime Firmware BL3-1: offset=0x88, size=0x7090",
    "- Non-Trusted Firmware BL3-3: offset=0x7118, size=0x84F1F4",
    "---------------------------",
    "Create Entry Point info ...</br>Get - EL3 Runtime Firmware BL3-1 </br>Get - Non-Trusted Firmware BL3-3 ",
    "kernel_size[0x84f1f4] fdt_size[0x81b4] fdt_addr[0x00000000448c7000]</br>hdr[0x000000004407ffc0] header_size[0x40] image_size[0x847040]",
    "bl33_ep->spsr = 0x3c5 bl33_ep->pc = 0x44080000</br>NOTICE:  BL31: v1.3(debug):multi-core",
    "NOTICE:  BL31: Built : 19:21:58, Jul 12 2018",
    "INFO:    ARM GICv2 driver initialized",
    "INFO:    BL31: Initializing runtime services",
    "INFO:    BL31: Preparing for EL3 exit to normal world",
    "INFO:    Entry point address = 0x44080000",
    "INFO:    SPSR = 0x3c5",
    "Booting Linux on physical CPU 0x0",
    "Linux version 4.9.37 (pub@BVT-SDK) (gcc version 6.3.0 (HC&C V100R002C00B012_20180601) ) #1 SMP Thu Jul 12 19:21:49 CST 2018",
    "Boot CPU: AArch64 Processor [410fd034]",
    "Machine model: Hisilicon HI3559AV100 DEMO Board",
    "Memory limited to 2018MB",
    "cmz zone is not set!",
    "cma: Reserved 4 MiB at 0x00000000c1c00000",
    "psci: probing for conduit method from DT.",
    "psci: PSCIv1.0 detected in firmware.",
    "psci: Using standard PSCI v0.2 function IDs",
    "psci: MIGRATE_INFO_TYPE not supported.",
    "percpu: Embedded 20 pages/cpu @ffffffc082179000 s41240 r8192 d32488 u81920",
    "Detected VIPT I-cache on CPU0",
    "CPU features: enabling workaround for ARM erratum 845719",
    "Built 1 zonelists in Zone order, mobility grouping on.  Total pages: 508536",
    "Kernel command line: mem=2018M console=ttyAMA0,115200 clk_ignore_unused rw",
    "root=/dev/mtdblock2 rootfstype=yaffs2 mtdparts=hinand:1M(u-boot.bin),9M(kernel),240M(rootfs.yaffs2) ",
    "log_buf_len individual max cpu contribution: 4096 bytes",
    "log_buf_len total cpu_extra contributions: 12288 bytes",
    "log_buf_len min size: 16384 bytes",
    "log_buf_len: 32768 bytes",
    "early log buf free: 14696(89%)",
    "PID hash table entries: 4096 (order: 3, 32768 bytes)",
    "Dentry cache hash table entries: 262144 (order: 9, 2097152 bytes)",
    "Inode-cache hash table entries: 131072 (order: 8, 1048576 bytes)",
    "Memory: 1998632K/2066432K available (5950K kernel code, 346K rwdata, 1756K rodata, 384K init, 305K bss, 63704K reserved, 4096K cma-reserved)",
    "Virtual kernel memory layout:",
    "   modules : 0xffffff8000000000 - 0xffffff8008000000   (   128 MB)",
    "    vmalloc : 0xffffff8008000000 - 0xffffffbebfff0000   (   250 GB)",
    "      .text : 0xffffff8008080000 - 0xffffff8008650000   (  5952 KB)",
    "    .rodata : 0xffffff8008650000 - 0xffffff8008810000   (  1792 KB)",
    "      .init : 0xffffff8008810000 - 0xffffff8008870000   (   384 KB)",
    "      .data : 0xffffff8008870000 - 0xffffff80088c6808   (   347 KB)",
    "       .bss : 0xffffff80088c6808 - 0xffffff8008912ca4   (   306 KB)",
    "    fixed   : 0xffffffbefe7fb000 - 0xffffffbefec00000   (  4116 KB)",
    "    PCI I/O : 0xffffffbefee00000 - 0xffffffbeffe00000   (    16 MB)",
    "    vmemmap : 0xffffffbf00000000 - 0xffffffc000000000   (     4 GB maximum)",
    "              0xffffffbf00100000 - 0xffffffbf02088000   (    31 MB actual)",
    "    memory  : 0xffffffc004000000 - 0xffffffc082200000   (  2018 MB)",
    "SLUB: HWalign=64, Order=0-3, MinObjects=0, CPUs=4, Nodes=1",
    "Hierarchical RCU implementation.",
    "        RCU debugfs-based tracing is enabled.",
    "        Build-time adjustment of leaf fanout to 64.",
    "        RCU restricting CPUs from NR_CPUS=64 to nr_cpu_ids=4.",
    "RCU: Adjusting geometry for rcu_fanout_leaf=64, nr_cpu_ids=4",
    "NR_IRQS:64 nr_irqs:64 0",
    "arm_arch_timer: Architected cp15 timer(s) running at 50.00MHz (phys).",
    "clocksource: arch_sys_counter: mask: 0xffffffffffffff max_cycles: 0xb8812736b, max_idle_ns: 440795202655 ns",
    "sched_clock: 56 bits at 50MHz, resolution 20ns, wraps every 4398046511100ns",
    "Console: colour dummy device 80x25",
    "Calibrating delay loop (skipped), value calculated using timer frequency.. 100.00 BogoMIPS (lpj=50000)",
    "pid_max: default: 32768 minimum: 301",
    "Mount-cache hash table entries: 4096 (order: 3, 32768 bytes)",
    "Mountpoint-cache hash table entries: 4096 (order: 3, 32768 bytes)",
    "ASID allocator initialised with 32768 entries",
    "Detected VIPT I-cache on CPU1",
    "CPU1: Booted secondary processor [410fd034]",
    "Detected VIPT I-cache on CPU2",
    "CPU2: Booted secondary processor [410fd092]",
    "Detected VIPT I-cache on CPU3",
    "CPU3: Booted secondary processor [410fd092]",
    "Brought up 4 CPUs",
    "SMP: Total of 4 processors activated.",
    "CPU features: detected feature: 32-bit EL0 Support",
    "CPU features: detected feature: Kernel page table isolation (KPTI)",
    "CPU: All CPU(s) started at EL1",
    "alternatives: patching kernel code",
    "clocksource: jiffies: mask: 0xffffffff max_cycles: 0xffffffff, max_idle_ns: 1911260446275000 ns",
    "futex hash table entries: 1024 (order: 5, 131072 bytes)",
    "pinctrl core: initialized pinctrl subsystem",
    "NET: Registered protocol family 16",
    "vdso: 2 pages (1 code @ ffffff8008657000, 1 data @ ffffff8008874000)",
    "hw-breakpoint: found 6 breakpoint and 4 watchpoint registers.",
    "DMA: preallocated 256 KiB pool for atomic allocations",
    "Serial: AMBA PL011 UART driver",
    "12100000.uart: ttyAMA0 at MMIO 0x12100000 (irq = 9, base_baud = 0) is a PL011 rev2",
    "console [ttyAMA0] enabled",
    "12101000.uart: ttyAMA1 at MMIO 0x12101000 (irq = 10, base_baud = 0) is a PL011 rev2",
    "12102000.uart: ttyAMA2 at MMIO 0x12102000 (irq = 11, base_baud = 0) is a PL011 rev2",
    "12103000.uart: ttyAMA3 at MMIO 0x12103000 (irq = 12, base_baud = 0) is a PL011 rev2",
    "12104000.uart: ttyAMA4 at MMIO 0x12104000 (irq = 13, base_baud = 0) is a PL011 rev2",
    "vgaarb: loaded",
    "SCSI subsystem initialized",
    "ssp-pl022 12120000.spi: ARM PL022 driver, device ID: 0x00800022",
    "ssp-pl022 12120000.spi: mapped registers from 0x0000000012120000 to ffffff8008955000",
    "ssp-pl022 12121000.spi: ARM PL022 driver, device ID: 0x00800022",
    "ssp-pl022 12121000.spi: mapped registers from 0x0000000012121000 to ffffff800895b000",
    "ssp-pl022 12122000.spi: ARM PL022 driver, device ID: 0x00800022",
    "ssp-pl022 12122000.spi: mapped registers from 0x0000000012122000 to ffffff8008961000",
    "ssp-pl022 12123000.spi: ARM PL022 driver, device ID: 0x00800022",
    "ssp-pl022 12123000.spi: mapped registers from 0x0000000012123000 to ffffff8008967000",
    "ssp-pl022 12124000.spi: ARM PL022 driver, device ID: 0x00800022",
    "ssp-pl022 12124000.spi: mapped registers from 0x0000000012124000 to ffffff800896d000",
    "usbcore: registered new interface driver usbfs",
    "usbcore: registered new interface driver hub",
    "usbcore: registered new device driver usb",
    "Linux video capture interface: v2.00",
    "clocksource: Switched to clocksource arch_sys_counter",
    "VFS: Disk quotas dquot_6.6.0",
    "VFS: Dquot-cache hash table entries: 512 (order 0, 4096 bytes)",
    "NET: Registered protocol family 2",
    "TCP established hash table entries: 16384 (order: 5, 131072 bytes)",
    "TCP bind hash table entries: 16384 (order: 6, 262144 bytes)",
    "TCP: Hash tables configured (established 16384 bind 16384)",
    "UDP hash table entries: 1024 (order: 3, 32768 bytes)",
    "UDP-Lite hash table entries: 1024 (order: 3, 32768 bytes)",
    "NET: Registered protocol family 1",
    "RPC: Registered named UNIX socket transport module.",
    "RPC: Registered udp transport module.",
    "RPC: Registered tcp transport module.",
    "RPC: Registered tcp NFSv4.1 backchannel transport module.",
    "workingset: timestamp_bits=62 max_order=19 bucket_order=0",
    "squashfs: version 4.0 (2009/01/31) Phillip Lougher",
    "jffs2: version 2.2. (NAND) © 2001-2006 Red Hat, Inc.",
    "fuse init (API version 7.26)",
    "Block layer SCSI generic (bsg) driver version 0.4 loaded (major 252)",
    "io scheduler noop registered",
    "io scheduler deadline registered (default)",
    "io scheduler cfq registered",
    "pl061_gpio 12140000.gpio_chip: PL061 GPIO chip @0x0000000012140000 registered",
    "pl061_gpio 12141000.gpio_chip: PL061 GPIO chip @0x0000000012141000 registered",
    "pl061_gpio 12142000.gpio_chip: PL061 GPIO chip @0x0000000012142000 registered",
    "pl061_gpio 12143000.gpio_chip: PL061 GPIO chip @0x0000000012143000 registered",
    "pl061_gpio 12144000.gpio_chip: PL061 GPIO chip @0x0000000012144000 registered",
    "pl061_gpio 12145000.gpio_chip: PL061 GPIO chip @0x0000000012145000 registered",
    "pl061_gpio 12146000.gpio_chip: PL061 GPIO chip @0x0000000012146000 registered",
    "pl061_gpio 12147000.gpio_chip: PL061 GPIO chip @0x0000000012147000 registered",
    "pl061_gpio 12148000.gpio_chip: PL061 GPIO chip @0x0000000012148000 registered",
    "pl061_gpio 12149000.gpio_chip: PL061 GPIO chip @0x0000000012149000 registered",
    "pl061_gpio 1214a000.gpio_chip: PL061 GPIO chip @0x000000001214a000 registered",
    "pl061_gpio 1214b000.gpio_chip: PL061 GPIO chip @0x000000001214b000 registered",
    "pl061_gpio 1214c000.gpio_chip: PL061 GPIO chip @0x000000001214c000 registered",
    "pl061_gpio 1214d000.gpio_chip: PL061 GPIO chip @0x000000001214d000 registered",
    "pl061_gpio 1214e000.gpio_chip: PL061 GPIO chip @0x000000001214e000 registered",
    "pl061_gpio 1214f000.gpio_chip: PL061 GPIO chip @0x000000001214f000 registered",
    "pl061_gpio 12150000.gpio_chip: PL061 GPIO chip @0x0000000012150000 registered",
    "pl061_gpio 12151000.gpio_chip: PL061 GPIO chip @0x0000000012151000 registered",
    "pl061_gpio 12152000.gpio_chip: PL061 GPIO chip @0x0000000012152000 registered",
    "Unable to detect cache hierarchy from DT for CPU 0",
    "brd: module loaded",
    "loop: module loaded",
    "hisi-sfc hisi_spi_nor.0: SPI Nor ID Table Version 1.2",
    "hisi-sfc hisi_spi_nor.0: unrecognized Manufacturer ID",
    "hisi-sfc hisi_spi_nor.0: spi nor register fail!",
    "hisi-sfc: probe of hisi_spi_nor.0 failed with error -2",
    "SPI Nand ID Table Version 2.7",
    "SPI Nand(cs 0) ID: 0xc8 0xc2",
    "nand: device found, Manufacturer ID: 0xc8, Chip ID: 0xc2",
    "nand: GD/ESMT 5F2GQ4RB9IGR",
    "nand: 256MiB, SLC, page size: 2048",
    "Nand(Auto): OOB:128B ",
    "ECC:24bit/1k nand:  ECC provided by Flash Memory Controller",
    "3 cmdlinepart partitions found on MTD device hinand",
    "Creating 3 MTD partitions on hinand:",
    "0x000000000000-0x000000100000 : u-boot.bin</br>0x000000100000-0x000000a00000 : kernel</br>0x000000a00000-0x00000fa00000 : rootfs.yaffs2",
    "libphy: hisi_gemac_mii_bus: probed</br>libphy: hisi_gemac_mii_bus: probed</br>libphy: Fixed MDIO Bus: probed",
    "hi_gmac_v200 101c0000.ethernet: invalid resource",
    "hi_gmac_v200 101c0000.ethernet (unnamed net_device) (uninitialized): using random MAC address d2:94:8e:13:7b:f2",
    "attached PHY 1 to driver Generic PHY, PHY_ID=0x1cc916",
    "Higmac dma_sg_phy: 0x00000000c1c80000",
    "ETH: rgmii, phy_addr=1",
    "hi_gmac_v200 101e0000.ethernet: invalid resource",
    "hi_gmac_v200 101e0000.ethernet (unnamed net_device) (uninitialized): using random MAC address 36:eb:c7:49:1c:32",
    "phy 3 not found",
    "xhci-hcd 12310000.xhci_1: xHCI Host Controller",
    "xhci-hcd 12310000.xhci_1: new USB bus registered, assigned bus number 1",
    "xhci-hcd 12310000.xhci_1: hcc params 0x0220fe6d hci version 0x110 quirks 0x00010010",
    "xhci-hcd 12310000.xhci_1: irq 41, io mem 0x12310000",
    "hub 1-0:1.0: USB hub found",
    "hub 1-0:1.0: 1 port detected",
    "xhci-hcd 12310000.xhci_1: xHCI Host Controller",
    "xhci-hcd 12310000.xhci_1: new USB bus registered, assigned bus number 2",
    "usb usb2: We don't know the algorithms for LPM for this host, disabling LPM.",
    "hub 2-0:1.0: USB hub found",
    "hub 2-0:1.0: 1 port detected",
    "usbcore: registered new interface driver usb-storage",
    "mousedev: PS/2 mouse device common for all mice",
    "hibvt_rtc 180b0000.rtc: rtc core: registered 180b0000.rtc as rtc0",
    "hibvt_rtc 180b0000.rtc: RTC driver for hibvt enabled",
    "i2c /dev entries driver",
    "hibvt-i2c 12110000.i2c: hibvt-i2c0@100000hz registered</br>hibvt-i2c 12111000.i2c: hibvt-i2c1@100000hz registered</br>hibvt-i2c 12112000.i2c: hibvt-i2c2@100000hz registered",
    "hibvt-i2c 12113000.i2c: hibvt-i2c3@100000hz registered</br>hibvt-i2c 12114000.i2c: hibvt-i2c4@100000hz registered</br>hibvt-i2c 12115000.i2c: hibvt-i2c5@100000hz registered",
    "hibvt-i2c 12116000.i2c: hibvt-i2c6@100000hz registered</br>hibvt-i2c 12117000.i2c: hibvt-i2c7@100000hz registered</br>hibvt-i2c 12118000.i2c: hibvt-i2c8@100000hz registered",
    "hibvt-i2c 12119000.i2c: hibvt-i2c9@100000hz registered</br>hibvt-i2c 1211a000.i2c: hibvt-i2c10@100000hz registered</br>hibvt-i2c 1211b000.i2c: hibvt-i2c11@100000hz registered",
    "usbcore: registered new interface driver uvcvideo",
    "USB Video Class driver (1.1.1)",
    "sdhci: Secure Digital Host Controller Interface driver",
    "sdhci: Copyright(c) Pierre Ossman",
    "sdhci-pltfm: SDHCI platform and OF driver helper",
    "mmc0: SDHCI controller on 10100000.SD [10100000.SD] using ADMA 64-bit",
    "mmc1: SDHCI controller on 10110000.SD [10110000.SD] using ADMA 64-bit",
    "usbcore: registered new interface driver usbhid",
    "usbhid: USB HID core driver",
    "NET: Registered protocol family 10",
    "NET: Registered protocol family 17",
    "hibvt_rtc 180b0000.rtc: setting system clock to 1970-01-05 09:57:50 UTC (381470)",
    "clk: Not disabling unused clocks",
    "uart-pl011 12100000.uart: no DMA platform data",
    "yaffs: dev is 32505858 name is mtdblock2 rw",
    "yaffs: passed flags",
    "VFS: Mounted root (yaffs2 filesystem) on device 31:2.",
    "Freeing unused kernel memory: 384K (ffffffc004810000 - ffffffc004870000)",
    "</br>",
    "               _ _ _ _ _ _ _ _ _ _ _ _",
    "               \  _  _   _  _ _ ___",
    "             / /__/ \ |_/",
    "           / __   /  -  _ ___",
    "          / /  / /  / /",
    "  _ _ _ _/ /  /  \_/  \_ ______",
    "___________\___\__________________",
    "</br>",
    "[RCS]: /etc/init.d/S00devs",
    "[RCS]: /etc/init.d/S01udev",
    "[RCS]: /etc/init.d/S80network",
    "sys_config: loading out-of-tree module taints kernel.",
    "Module himedia: init ok",
    "Hisilicon Media Memory Zone Manager",
    "hi_osal 1.0 init success!",
    "hi3559av100_base: module license 'Proprietary' taints kernel.",
    "Disabling lock debugging due to kernel taint",
    "load sys.ko for Hi3559AV100...OK!",
    "load tde.ko for HI3559AV100...OK!",
    "load region.ko for Hi3559AV100...OK!",
    "load gdc.ko for Hi3559AV100...OK!",
    "Load vgs.ko for Hi3559AV100...OK!",
    "load dis.ko for Hi3559AV100...OK!",
    "ISP Mod init!",
    "Load vi.ko for Hi3559AV100...OK !",
    "load vpss.ko for Hi3559AV100...OK!",
    "load avs.ko for Hi3559AV100...OK!",
    "load vo.ko for Hi3559AV100...OK!",
    "load hifb.ko OK!",
    "load rc.ko for Hi3559AV100...OK!",
    "load venc.ko for Hi3559AV100...OK!",
    "load chnl.ko for Hi3559AV100...OK!",
    "load vedu.ko for Hi3559AV100...OK!",
    "load h264e.ko for Hi3559AV100...OK!",
    "load h265e.ko for Hi3559AV100...OK!",
    "load jpege.ko for Hi3559AV100...OK!",
    "load jpegd.ko ....OK!",
    "Load hi_vfmw.ko ....OK",
    "load vdec.ko ....OK",
    "load ive.ko for Hi3559AV100...OK!",
    "<ipcm> ##message recv thread run",
    "<ipcm> ",
    "ipcm detecting thread running!",
    "</br>",
    "load nnie.ko for Hi3559AV100...OK!",
    "load dsp.ko for Hi3559AV100...OK!",
    "load dpu_rect.ko for Hi3559AV100...OK!",
    "load dpu_match.ko for Hi3559AV100...OK!",
    "load hi_piris.ko OK!!",
    "Load sensor_spi.ko for Hi3559AV100...OK !",
    "insert audio",
    "load hi_mipi driver successful!",
    "load mipi_tx driver successful!",
    "IPv6: ADDRCONF(NETDEV_UP): eth0: link is not ready",
    "hi_gmac_v200 101c0000.ethernet eth0: Link is Up - 100Mbps/Full - flow control rx/tx",
    "IPv6: ADDRCONF(NETDEV_CHANGE): eth0: link becomes ready",
    "Auto login as root ...",
    "login[1588]: root login on 'ttyS000'",
    "Welcome to HiLinux.",
    "None of nfsroot found in cmdline.",
    "appVersion：" + navigator.appVersion,
    "appCodeName：" + navigator.appCodeName,
    "appMinorVersion：" + navigator.appMinorVersion,
    "appName：" + navigator.appName,
    "browserLanguage：" + navigator.browserLanguage,
    "cookieEnabled：" + navigator.cookieEnabled,
    "cpuClass：" + navigator.cpuClass,
    "onLine：" + navigator.onLine,
    "platform：" + navigator.platform,
    "systemLanguage：" + navigator.systemLanguage,
    "userAgent：" + navigator.userAgent,
    "userLanguage：" + navigator.userLanguage,
    "window.screen：" + window.screen.width+"x"+window.screen.height,
    "window.colorDepth：" + window.screen.colorDepth+"位",
    "javaEnabledjavascript：" + navigator.javaEnabled+"</br>",
    ".NET Framework version:2.0.50727.1891","server IP:182.236.163.24</br>HTTP_CONTENT_LENGTH:0</br>HTTP_ACCEPT:text/html,application/xhtml+xml,application/xml;q=0.9,image/webp,*/*;q=0.8",
    "HTTP_ACCEPT_ENCODING:gzip, deflate, sdch</br>HTTP_ACCEPT_LANGUAGE:zh-CN,zh;q=0.8",
    "HTTP_COOKIE:GUID=0324881513123556; safedog-flow-item=2446075AB392341236F4AEAA1564B7BF; ",
    "__utma=217755403.1796124265.1469253396.1470293952.1470635883.13__utmz=217755403.1469253396.1.1.utmcsr=(direct)|utmccn=(direct)|utmcmd=(none)",
    "muxData=mux_viewer_id=1bede03c-da97-4e18-9faf-f3a5549daee2&session_id=96956270-ec06-4e4c-8d9f-925d2c8d3924&session_start=1470635883508&session_expires=1470637995938; ASP.NET_SessionId=lc3f1gvh5zxdje55qp22brba",
    "Found ECID 3674614582542</br>HTTP_HOST:www.lcings.com</br>Trying to fetch new SHSH blob</br>Getting SepNonce in dfu mode...",
    "WARNING: Unable to find BbSkeyId node",
    "Request URL set to:HTTP_REFERER:wapindex-1377985-2654607.html?path=version",
    "Sending TSS request attempt 1... response successfully received",
    "HTTP_USER_AGENT:Mozilla/5.0 (Windows NT 6.1; WOW64) AppleWebKit/537.36 (KHTML, like Gecko) Chrome/48.0.2564.97 Safari/537.36HTTP_UPGRADE_INSECURE_REQUESTS:1",
    "HTTP_X_REWRITE_URL:/wapindex.aspx?siteid=1377985&classid=2654607&path=version.aspx",
    "Extracting iBSS.n94ap.RELEASE.dfu...</br>Personalizing IMG3 component iBSS...</br>reconstructed size: 76110","Sending iBSS (76110 bytes)...",
    "Nonce: b8 db fe 8f 3e 53 a0 a4 db 27 37 39 38 4f d3 50 35 70 51 ad",
    "Extracting iBEC.n94ap.RELEASE.dfu...","Not personalizing component iBEC...</br>Sending iBEC (279576 bytes)...","INFO: device serial number is C38GVD09DT9V",
    "Getting ApNonce in recovery mode... b8 db fe 8f 3e 53 a0 a4 db 27 37 39 38 4f d3 50 35 70 51 ad",
    "Sending APTicket (2764 bytes)</br>Recovery Mode Environment:</br>iBoot build-version=iBoot-1537.9.55",
	"~#_");
    i = 0;
    str = "";
    function type(){ 
        str += text[i] + "<br>";
        txt.innerHTML = str;
        msg_end.scrollIntoView();
        i++;
        if (i > 323) {
            setTimeout("go_launcher()", 1000);
            return;
        }
        setTimeout("type()", text[i].length / 5);
    }
//-->
</script>
</head>
<body onLoad="type()">
<div id="txt"></div>
<a id="msg_end" ></a>
</body>
</html>